
running 1 test
test services::central_updates::core::performance_benchmark::small_files_service_baseline ... BENCH_META {"app_handle":false,"files":[13016],"mode":"stage","network":"not_requested","os_cache":"not_cleared","phase_time":"inclusive wrapper await wall ms","profile":"release","samples":7,"schema":1,"security_scanner":"not_modified"}
BENCH {"elapsed_ms":21022.4213,"fixture":{"bytes":13327429,"directories":206,"files":13016},"operation":"component_durable_stage","phases":{"Central update durable staging":{"await_ms":21007.926600000003,"calls":1},"durable_stage":{"await_ms":21022.404000000002,"calls":1}},"sample":0}
BENCH {"elapsed_ms":3455.1787,"fixture":{"bytes":13327429,"directories":206,"files":13016},"operation":"component_delete_manifest_fingerprint","phases":{"Central operation fingerprint":{"await_ms":3455.1511,"calls":1}},"sample":0}
BENCH {"elapsed_ms":25.583499999999997,"fixture":{"bytes":13327429,"directories":206,"files":13016},"operation":"component_delete_stage","phases":{"Central delete staging":{"await_ms":25.5709,"calls":1}},"sample":0}
BENCH {"elapsed_ms":16610.1545,"fixture":{"bytes":13327429,"directories":206,"files":13016},"operation":"component_delete_finalize","phases":{"Central delete finalize":{"await_ms":16610.1451,"calls":1}},"sample":0}
BENCH {"elapsed_ms":0.1469,"fixture":{"bytes":13327429,"directories":206,"files":13016},"operation":"component_delete_finalize_repeat","phases":{"Central delete finalize":{"await_ms":0.1415,"calls":1}},"sample":0}
BENCH {"elapsed_ms":22121.6328,"fixture":{"bytes":13327429,"directories":206,"files":13016},"operation":"component_durable_stage","phases":{"Central update durable staging":{"await_ms":22107.4918,"calls":1},"durable_stage":{"await_ms":22121.624099999997,"calls":1}},"sample":1}
BENCH {"elapsed_ms":3175.2638,"fixture":{"bytes":13327429,"directories":206,"files":13016},"operation":"component_delete_manifest_fingerprint","phases":{"Central operation fingerprint":{"await_ms":3175.2414999999996,"calls":1}},"sample":1}
BENCH {"elapsed_ms":17.6402,"fixture":{"bytes":13327429,"directories":206,"files":13016},"operation":"component_delete_stage","phases":{"Central delete staging":{"await_ms":17.634,"calls":1}},"sample":1}
BENCH {"elapsed_ms":16820.9618,"fixture":{"bytes":13327429,"directories":206,"files":13016},"operation":"component_delete_finalize","phases":{"Central delete finalize":{"await_ms":16820.9555,"calls":1}},"sample":1}
BENCH {"elapsed_ms":0.12129999999999999,"fixture":{"bytes":13327429,"directories":206,"files":13016},"operation":"component_delete_finalize_repeat","phases":{"Central delete finalize":{"await_ms":0.1146,"calls":1}},"sample":1}
BENCH {"elapsed_ms":21371.180800000002,"fixture":{"bytes":13327429,"directories":206,"files":13016},"operation":"component_durable_stage","phases":{"Central update durable staging":{"await_ms":21355.7323,"calls":1},"durable_stage":{"await_ms":21371.1708,"calls":1}},"sample":2}
BENCH {"elapsed_ms":3573.7839999999997,"fixture":{"bytes":13327429,"directories":206,"files":13016},"operation":"component_delete_manifest_fingerprint","phases":{"Central operation fingerprint":{"await_ms":3573.7657,"calls":1}},"sample":2}
BENCH {"elapsed_ms":19.862299999999998,"fixture":{"bytes":13327429,"directories":206,"files":13016},"operation":"component_delete_stage","phases":{"Central delete staging":{"await_ms":19.8525,"calls":1}},"sample":2}
BENCH {"elapsed_ms":19100.121000000003,"fixture":{"bytes":13327429,"directories":206,"files":13016},"operation":"component_delete_finalize","phases":{"Central delete finalize":{"await_ms":19100.1145,"calls":1}},"sample":2}
BENCH {"elapsed_ms":0.1484,"fixture":{"bytes":13327429,"directories":206,"files":13016},"operation":"component_delete_finalize_repeat","phases":{"Central delete finalize":{"await_ms":0.14109999999999998,"calls":1}},"sample":2}
BENCH {"elapsed_ms":23294.1299,"fixture":{"bytes":13327429,"directories":206,"files":13016},"operation":"component_durable_stage","phases":{"Central update durable staging":{"await_ms":23279.2407,"calls":1},"durable_stage":{"await_ms":23294.1204,"calls":1}},"sample":3}
BENCH {"elapsed_ms":3119.5943,"fixture":{"bytes":13327429,"directories":206,"files":13016},"operation":"component_delete_manifest_fingerprint","phases":{"Central operation fingerprint":{"await_ms":3119.5754,"calls":1}},"sample":3}
BENCH {"elapsed_ms":21.7776,"fixture":{"bytes":13327429,"directories":206,"files":13016},"operation":"component_delete_stage","phases":{"Central delete staging":{"await_ms":21.7704,"calls":1}},"sample":3}
BENCH {"elapsed_ms":20292.438700000002,"fixture":{"bytes":13327429,"directories":206,"files":13016},"operation":"component_delete_finalize","phases":{"Central delete finalize":{"await_ms":20292.4309,"calls":1}},"sample":3}
BENCH {"elapsed_ms":0.1343,"fixture":{"bytes":13327429,"directories":206,"files":13016},"operation":"component_delete_finalize_repeat","phases":{"Central delete finalize":{"await_ms":0.1274,"calls":1}},"sample":3}
BENCH {"elapsed_ms":22665.4269,"fixture":{"bytes":13327429,"directories":206,"files":13016},"operation":"component_durable_stage","phases":{"Central update durable staging":{"await_ms":22651.376500000002,"calls":1},"durable_stage":{"await_ms":22665.4175,"calls":1}},"sample":4}
BENCH {"elapsed_ms":3404.1441,"fixture":{"bytes":13327429,"directories":206,"files":13016},"operation":"component_delete_manifest_fingerprint","phases":{"Central operation fingerprint":{"await_ms":3404.1247000000003,"calls":1}},"sample":4}
BENCH {"elapsed_ms":21.828400000000002,"fixture":{"bytes":13327429,"directories":206,"files":13016},"operation":"component_delete_stage","phases":{"Central delete staging":{"await_ms":21.8205,"calls":1}},"sample":4}
BENCH {"elapsed_ms":14639.2708,"fixture":{"bytes":13327429,"directories":206,"files":13016},"operation":"component_delete_finalize","phases":{"Central delete finalize":{"await_ms":14639.264000000001,"calls":1}},"sample":4}
BENCH {"elapsed_ms":0.2299,"fixture":{"bytes":13327429,"directories":206,"files":13016},"operation":"component_delete_finalize_repeat","phases":{"Central delete finalize":{"await_ms":0.2236,"calls":1}},"sample":4}
BENCH {"elapsed_ms":19878.902700000002,"fixture":{"bytes":13327429,"directories":206,"files":13016},"operation":"component_durable_stage","phases":{"Central update durable staging":{"await_ms":19862.8377,"calls":1},"durable_stage":{"await_ms":19878.8912,"calls":1}},"sample":5}
BENCH {"elapsed_ms":3201.9704,"fixture":{"bytes":13327429,"directories":206,"files":13016},"operation":"component_delete_manifest_fingerprint","phases":{"Central operation fingerprint":{"await_ms":3201.9508,"calls":1}},"sample":5}
BENCH {"elapsed_ms":23.006800000000002,"fixture":{"bytes":13327429,"directories":206,"files":13016},"operation":"component_delete_stage","phases":{"Central delete staging":{"await_ms":22.997400000000003,"calls":1}},"sample":5}
BENCH {"elapsed_ms":18588.7603,"fixture":{"bytes":13327429,"directories":206,"files":13016},"operation":"component_delete_finalize","phases":{"Central delete finalize":{"await_ms":18588.753,"calls":1}},"sample":5}
BENCH {"elapsed_ms":0.1453,"fixture":{"bytes":13327429,"directories":206,"files":13016},"operation":"component_delete_finalize_repeat","phases":{"Central delete finalize":{"await_ms":0.1383,"calls":1}},"sample":5}
BENCH {"elapsed_ms":21048.7896,"fixture":{"bytes":13327429,"directories":206,"files":13016},"operation":"component_durable_stage","phases":{"Central update durable staging":{"await_ms":21034.131999999998,"calls":1},"durable_stage":{"await_ms":21048.7807,"calls":1}},"sample":6}
BENCH {"elapsed_ms":6093.3422,"fixture":{"bytes":13327429,"directories":206,"files":13016},"operation":"component_delete_manifest_fingerprint","phases":{"Central operation fingerprint":{"await_ms":6093.3044,"calls":1}},"sample":6}
BENCH {"elapsed_ms":23.9143,"fixture":{"bytes":13327429,"directories":206,"files":13016},"operation":"component_delete_stage","phases":{"Central delete staging":{"await_ms":23.9066,"calls":1}},"sample":6}
BENCH {"elapsed_ms":19326.3975,"fixture":{"bytes":13327429,"directories":206,"files":13016},"operation":"component_delete_finalize","phases":{"Central delete finalize":{"await_ms":19326.391,"calls":1}},"sample":6}
BENCH {"elapsed_ms":0.1353,"fixture":{"bytes":13327429,"directories":206,"files":13016},"operation":"component_delete_finalize_repeat","phases":{"Central delete finalize":{"await_ms":0.1287,"calls":1}},"sample":6}
ok

test result: ok. 1 passed; 0 failed; 0 ignored; 0 measured; 1555 filtered out; finished in 331.66s

